// Jest Snapshot v1, https://goo.gl/fbAQLP

exports[`snapshot test should match screenshot 1`] = `
<DocumentFragment>
  <div
    class="makeStyles-root-18"
  >
    <div
      style="width: 784px; height: 768px;"
    >
      <div
        class="makeStyles-main-20"
      >
        <h4
          class="MuiTypography-root makeStyles-header-21 MuiTypography-h4"
        >
          Bookmarks
        </h4>
        <div
          class="makeStyles-gridContainer-22"
        >
          <div
            class="makeStyles-root-23"
          >
            <ul
              class="MuiGridList-root makeStyles-gridList-24"
              style="margin: -2px;"
            />
          </div>
        </div>
      </div>
    </div>
  </div>
</DocumentFragment>
`;
