// Jest Snapshot v1, https://goo.gl/fbAQLP

exports[`should match screenshot 1`] = `
<DocumentFragment>
  <div
    class="makeStyles-root-3"
  >
    <ul
      class="MuiList-root MuiList-padding"
    >
      <li
        class="MuiListItem-root MuiListItem-gutters"
      >
        <div
          class="MuiListItemAvatar-root"
        >
          <div
            class="MuiAvatar-root MuiAvatar-circle makeStyles-avatar-4 MuiAvatar-colorDefault"
          >
            <svg
              aria-hidden="true"
              class="MuiSvgIcon-root"
              focusable="false"
              viewBox="0 0 24 24"
            >
              <path
                d="M6.05 8.05c-2.73 2.73-2.73 7.15-.02 9.88 1.47-3.4 4.09-6.24 7.36-7.93-2.77 2.34-4.71 5.61-5.39 9.32 2.6 1.23 5.8.78 7.95-1.37C19.43 14.47 20 4 20 4S9.53 4.57 6.05 8.05z"
              />
            </svg>
          </div>
        </div>
        <div
          class="MuiListItemText-root"
        >
          <span
            class="MuiTypography-root MuiListItemText-primary MuiTypography-body1 MuiTypography-displayBlock"
          >
            GLUTENFREE
          </span>
        </div>
      </li>
      <li
        class="MuiListItem-root MuiListItem-gutters"
      >
        <div
          class="MuiListItemAvatar-root"
        >
          <div
            class="MuiAvatar-root MuiAvatar-circle makeStyles-avatar-4 MuiAvatar-colorDefault"
          >
            <svg
              aria-hidden="true"
              class="MuiSvgIcon-root"
              focusable="false"
              viewBox="0 0 24 24"
            >
              <path
                d="M6.05 8.05c-2.73 2.73-2.73 7.15-.02 9.88 1.47-3.4 4.09-6.24 7.36-7.93-2.77 2.34-4.71 5.61-5.39 9.32 2.6 1.23 5.8.78 7.95-1.37C19.43 14.47 20 4 20 4S9.53 4.57 6.05 8.05z"
              />
            </svg>
          </div>
        </div>
        <div
          class="MuiListItemText-root"
        >
          <span
            class="MuiTypography-root MuiListItemText-primary MuiTypography-body1 MuiTypography-displayBlock"
          >
            KETOGENIC
          </span>
        </div>
      </li>
      <li
        class="MuiListItem-root MuiListItem-gutters"
      >
        <div
          class="MuiListItemAvatar-root"
        >
          <div
            class="MuiAvatar-root MuiAvatar-circle makeStyles-avatar-4 MuiAvatar-colorDefault"
          >
            <svg
              aria-hidden="true"
              class="MuiSvgIcon-root"
              focusable="false"
              viewBox="0 0 24 24"
            >
              <path
                d="M6.05 8.05c-2.73 2.73-2.73 7.15-.02 9.88 1.47-3.4 4.09-6.24 7.36-7.93-2.77 2.34-4.71 5.61-5.39 9.32 2.6 1.23 5.8.78 7.95-1.37C19.43 14.47 20 4 20 4S9.53 4.57 6.05 8.05z"
              />
            </svg>
          </div>
        </div>
        <div
          class="MuiListItemText-root"
        >
          <span
            class="MuiTypography-root MuiListItemText-primary MuiTypography-body1 MuiTypography-displayBlock"
          >
            VEGETARIAN
          </span>
        </div>
      </li>
      <li
        class="MuiListItem-root MuiListItem-gutters"
      >
        <div
          class="MuiListItemAvatar-root"
        >
          <div
            class="MuiAvatar-root MuiAvatar-circle makeStyles-avatar-4 MuiAvatar-colorDefault"
          >
            <svg
              aria-hidden="true"
              class="MuiSvgIcon-root"
              focusable="false"
              viewBox="0 0 24 24"
            >
              <path
                d="M6.05 8.05c-2.73 2.73-2.73 7.15-.02 9.88 1.47-3.4 4.09-6.24 7.36-7.93-2.77 2.34-4.71 5.61-5.39 9.32 2.6 1.23 5.8.78 7.95-1.37C19.43 14.47 20 4 20 4S9.53 4.57 6.05 8.05z"
              />
            </svg>
          </div>
        </div>
        <div
          class="MuiListItemText-root"
        >
          <span
            class="MuiTypography-root MuiListItemText-primary MuiTypography-body1 MuiTypography-displayBlock"
          >
            LACTOVEGETARIAN
          </span>
        </div>
      </li>
      <li
        class="MuiListItem-root MuiListItem-gutters"
      >
        <div
          class="MuiListItemAvatar-root"
        >
          <div
            class="MuiAvatar-root MuiAvatar-circle makeStyles-avatar-4 MuiAvatar-colorDefault"
          >
            <svg
              aria-hidden="true"
              class="MuiSvgIcon-root"
              focusable="false"
              viewBox="0 0 24 24"
            >
              <path
                d="M6.05 8.05c-2.73 2.73-2.73 7.15-.02 9.88 1.47-3.4 4.09-6.24 7.36-7.93-2.77 2.34-4.71 5.61-5.39 9.32 2.6 1.23 5.8.78 7.95-1.37C19.43 14.47 20 4 20 4S9.53 4.57 6.05 8.05z"
              />
            </svg>
          </div>
        </div>
        <div
          class="MuiListItemText-root"
        >
          <span
            class="MuiTypography-root MuiListItemText-primary MuiTypography-body1 MuiTypography-displayBlock"
          >
            OVOVEGETARIAN
          </span>
        </div>
      </li>
      <li
        class="MuiListItem-root MuiListItem-gutters"
      >
        <div
          class="MuiListItemAvatar-root"
        >
          <div
            class="MuiAvatar-root MuiAvatar-circle makeStyles-avatar-4 MuiAvatar-colorDefault"
          >
            <svg
              aria-hidden="true"
              class="MuiSvgIcon-root"
              focusable="false"
              viewBox="0 0 24 24"
            >
              <path
                d="M6.05 8.05c-2.73 2.73-2.73 7.15-.02 9.88 1.47-3.4 4.09-6.24 7.36-7.93-2.77 2.34-4.71 5.61-5.39 9.32 2.6 1.23 5.8.78 7.95-1.37C19.43 14.47 20 4 20 4S9.53 4.57 6.05 8.05z"
              />
            </svg>
          </div>
        </div>
        <div
          class="MuiListItemText-root"
        >
          <span
            class="MuiTypography-root MuiListItemText-primary MuiTypography-body1 MuiTypography-displayBlock"
          >
            LACTOOVOVEGETARIAN
          </span>
        </div>
      </li>
      <li
        class="MuiListItem-root MuiListItem-gutters"
      >
        <div
          class="MuiListItemAvatar-root"
        >
          <div
            class="MuiAvatar-root MuiAvatar-circle makeStyles-avatar-4 MuiAvatar-colorDefault"
          >
            <svg
              aria-hidden="true"
              class="MuiSvgIcon-root"
              focusable="false"
              viewBox="0 0 24 24"
            >
              <path
                d="M6.05 8.05c-2.73 2.73-2.73 7.15-.02 9.88 1.47-3.4 4.09-6.24 7.36-7.93-2.77 2.34-4.71 5.61-5.39 9.32 2.6 1.23 5.8.78 7.95-1.37C19.43 14.47 20 4 20 4S9.53 4.57 6.05 8.05z"
              />
            </svg>
          </div>
        </div>
        <div
          class="MuiListItemText-root"
        >
          <span
            class="MuiTypography-root MuiListItemText-primary MuiTypography-body1 MuiTypography-displayBlock"
          >
            VEGAN
          </span>
        </div>
      </li>
      <li
        class="MuiListItem-root MuiListItem-gutters"
      >
        <div
          class="MuiListItemAvatar-root"
        >
          <div
            class="MuiAvatar-root MuiAvatar-circle makeStyles-avatar-4 MuiAvatar-colorDefault"
          >
            <svg
              aria-hidden="true"
              class="MuiSvgIcon-root"
              focusable="false"
              viewBox="0 0 24 24"
            >
              <path
                d="M6.05 8.05c-2.73 2.73-2.73 7.15-.02 9.88 1.47-3.4 4.09-6.24 7.36-7.93-2.77 2.34-4.71 5.61-5.39 9.32 2.6 1.23 5.8.78 7.95-1.37C19.43 14.47 20 4 20 4S9.53 4.57 6.05 8.05z"
              />
            </svg>
          </div>
        </div>
        <div
          class="MuiListItemText-root"
        >
          <span
            class="MuiTypography-root MuiListItemText-primary MuiTypography-body1 MuiTypography-displayBlock"
          >
            PESCETARIAN
          </span>
        </div>
      </li>
      <li
        class="MuiListItem-root MuiListItem-gutters"
      >
        <div
          class="MuiListItemAvatar-root"
        >
          <div
            class="MuiAvatar-root MuiAvatar-circle makeStyles-avatar-4 MuiAvatar-colorDefault"
          >
            <svg
              aria-hidden="true"
              class="MuiSvgIcon-root"
              focusable="false"
              viewBox="0 0 24 24"
            >
              <path
                d="M6.05 8.05c-2.73 2.73-2.73 7.15-.02 9.88 1.47-3.4 4.09-6.24 7.36-7.93-2.77 2.34-4.71 5.61-5.39 9.32 2.6 1.23 5.8.78 7.95-1.37C19.43 14.47 20 4 20 4S9.53 4.57 6.05 8.05z"
              />
            </svg>
          </div>
        </div>
        <div
          class="MuiListItemText-root"
        >
          <span
            class="MuiTypography-root MuiListItemText-primary MuiTypography-body1 MuiTypography-displayBlock"
          >
            PALEO
          </span>
        </div>
      </li>
      <li
        class="MuiListItem-root MuiListItem-gutters"
      >
        <div
          class="MuiListItemAvatar-root"
        >
          <div
            class="MuiAvatar-root MuiAvatar-circle makeStyles-avatar-4 MuiAvatar-colorDefault"
          >
            <svg
              aria-hidden="true"
              class="MuiSvgIcon-root"
              focusable="false"
              viewBox="0 0 24 24"
            >
              <path
                d="M6.05 8.05c-2.73 2.73-2.73 7.15-.02 9.88 1.47-3.4 4.09-6.24 7.36-7.93-2.77 2.34-4.71 5.61-5.39 9.32 2.6 1.23 5.8.78 7.95-1.37C19.43 14.47 20 4 20 4S9.53 4.57 6.05 8.05z"
              />
            </svg>
          </div>
        </div>
        <div
          class="MuiListItemText-root"
        >
          <span
            class="MuiTypography-root MuiListItemText-primary MuiTypography-body1 MuiTypography-displayBlock"
          >
            PRIMAL
          </span>
        </div>
      </li>
      <li
        class="MuiListItem-root MuiListItem-gutters"
      >
        <div
          class="MuiListItemAvatar-root"
        >
          <div
            class="MuiAvatar-root MuiAvatar-circle makeStyles-avatar-4 MuiAvatar-colorDefault"
          >
            <svg
              aria-hidden="true"
              class="MuiSvgIcon-root"
              focusable="false"
              viewBox="0 0 24 24"
            >
              <path
                d="M6.05 8.05c-2.73 2.73-2.73 7.15-.02 9.88 1.47-3.4 4.09-6.24 7.36-7.93-2.77 2.34-4.71 5.61-5.39 9.32 2.6 1.23 5.8.78 7.95-1.37C19.43 14.47 20 4 20 4S9.53 4.57 6.05 8.05z"
              />
            </svg>
          </div>
        </div>
        <div
          class="MuiListItemText-root"
        >
          <span
            class="MuiTypography-root MuiListItemText-primary MuiTypography-body1 MuiTypography-displayBlock"
          >
            WHOLE30
          </span>
        </div>
      </li>
    </ul>
  </div>
</DocumentFragment>
`;
