// Jest Snapshot v1, https://goo.gl/fbAQLP

exports[`should match screenshot 1`] = `
<DocumentFragment>
  <li
    class="MuiGridListTile-root"
  >
    <div
      class="MuiGridListTile-tile"
    >
      <img
        alt="This is a title"
        src="https://miro.medium.com/max/1200/1*mk1-6aYaf_Bes1E3Imhc0A.jpeg"
      />
      <div
        class="MuiGridListTileBar-root MuiGridListTileBar-titlePositionBottom MuiGridListTileBar-rootSubtitle"
      >
        <div
          class="MuiGridListTileBar-titleWrap MuiGridListTileBar-titleWrapActionPosRight"
        >
          <div
            class="MuiGridListTileBar-title"
          >
            This is a title
          </div>
          <div
            class="MuiGridListTileBar-subtitle"
          >
            <span>
              by: Brian Shapiro
            </span>
          </div>
        </div>
        <div
          class="MuiGridListTileBar-actionIcon"
        >
          <button
            aria-label="info about This is a title"
            class="MuiButtonBase-root MuiIconButton-root"
            tabindex="0"
            type="button"
          >
            <span
              class="MuiIconButton-label"
            >
              <svg
                aria-hidden="true"
                class="MuiSvgIcon-root"
                focusable="false"
                viewBox="0 0 24 24"
              >
                <path
                  d="M12 2C6.48 2 2 6.48 2 12s4.48 10 10 10 10-4.48 10-10S17.52 2 12 2zm1 15h-2v-6h2v6zm0-8h-2V7h2v2z"
                />
              </svg>
            </span>
            <span
              class="MuiTouchRipple-root"
            />
          </button>
        </div>
      </div>
    </div>
  </li>
</DocumentFragment>
`;
